--- Pokemon Research Output ---
Timestamp: 20250616_225241

This is a test save content from test script.
--- Pokemon Research Output ---
Timestamp: 20250616_225655

This is a test save content from test script.
--- Pokemon Research Output ---
Timestamp: 20250616_230134

This is a test save content from test script.
--- Pokemon Research Output ---
Timestamp: 20250616_230358

This is a test save content from test script.
--- Pokemon Research Output ---
Timestamp: 20250616_230729

This is a test save content from test script.
--- Pokemon Research Output ---
Timestamp: 20250616_231420

This is a test save content from test script.
--- Pokemon Research Output ---
Timestamp: 20250616_231437

This is a test save content from test script.
--- Pokemon Research Output ---
Timestamp: 20250616_231447

This is a test save content from test script.
--- Pokemon Research Output ---
Timestamp: 20250616_231651

This is a test save content from test script.
--- Pokemon Research Output ---
Timestamp: 20250616_231914

This is a test save content from test script.
--- Pokemon Research Output ---
Timestamp: 20250616_232007

This is a test save content from test script.
--- Pokemon Research Output ---
Timestamp: 20250616_232042

This is a test save content from test script.
--- Pokemon Research Output ---
Timestamp: 20250616_232154

This is a test save content from test script.
--- Pokemon Research Output ---
Timestamp: 20250616_233045

This is a test save content from test script.
--- Pokemon Research Output ---
Timestamp: 20250616_233107

This is a test save content from test script.
--- Pokemon Research Output ---
Timestamp: 20250619_233757

This is a test save content from test script.
--- Pokemon Research Output ---
Timestamp: 20250620_002212

This is a test save content from test script.
--- Pokemon Research Output ---
Timestamp: 20250620_003035

This is a test save content from test script.
